// Jest Snapshot v1, https://goo.gl/fbAQLP

exports[`take app snapshot 1`] = `
<div
  className="dobi3i2"
>
  This is error report
</div>
`;
